INFO         | Android emulator version 36.3.10.0 (build_id 14472402) (CL:N/A)
INFO         | Graphics backend: gfxstream
INFO         | Found systemPath /Users/nislam/Library/Android/sdk/system-images/android-36.1/google_apis_playstore/arm64-v8a/
WARNING      | Please update the emulator to one that supports the feature(s): VulkanVirtualQueue
INFO         | Guest GLES Driver: Auto (ext controls)
library_mode host gpu mode host
INFO         | Checking system compatibility:
INFO         |   Checking: hasSufficientDiskSpace
INFO         |      Ok: Disk space requirements to run avd: `Medium_Phone_API_36.1` are met
INFO         |   Checking: hasSufficientHwGpu
INFO         |      Ok: Hardware GPU requirements to run avd: `Medium_Phone_API_36.1` are passed
INFO         |   Checking: hasSufficientSystem
INFO         |      Ok: System requirements to run avd: `Medium_Phone_API_36.1` are met
INFO         | Storing crashdata in: /tmp/android-nislam/emu-crash-36.3.10.db, detection is enabled for process: 58405
INFO         | Initializing gfxstream backend
INFO         | android_startOpenglesRenderer: gpu info
INFO         | 
INFO         | initIcdPaths: ICD set to 'swiftshader', using Swiftshader ICD
INFO         | Setting ICD filenames for the loader = /Users/nislam/Library/Android/sdk/emulator/lib64/vulkan/vk_swiftshader_icd.json
INFO         | SharedLibrary::open for [/Users/nislam/Library/Android/sdk/emulator/qemu/darwin-aarch64/lib64/vulkan/libvulkan.dylib]
INFO         | SharedLibrary::open for [/Users/nislam/Library/Android/sdk/emulator/qemu/darwin-aarch64/lib64/vulkan/libvulkan.dylib]: not found in map, open for the first time
INFO         | SharedLibrary::open for [/Users/nislam/Library/Android/sdk/emulator/qemu/darwin-aarch64/lib64/vulkan/libvulkan.dylib] (posix): begin
INFO         | SharedLibrary::open for [/Users/nislam/Library/Android/sdk/emulator/qemu/darwin-aarch64/lib64/vulkan/libvulkan.dylib] (posix,darwin): call dlopen
INFO         | SharedLibrary::open succeeded for [/Users/nislam/Library/Android/sdk/emulator/qemu/darwin-aarch64/lib64/vulkan/libvulkan.dylib].
INFO         | Added library: /Users/nislam/Library/Android/sdk/emulator/qemu/darwin-aarch64/lib64/vulkan/libvulkan.dylib
INFO         | Selecting Vulkan device: SwiftShader Device (LLVM 10.0.0), Version: 1.3.0
INFO         | Disabling sparse binding feature support
INFO         | SharedLibrary::open for [/System/Library/Frameworks/OpenGL.framework/OpenGL]: not found in map, open for the first time
INFO         | SharedLibrary::open for [/System/Library/Frameworks/OpenGL.framework/OpenGL] (posix): begin
INFO         | SharedLibrary::open for [/System/Library/Frameworks/OpenGL.framework/OpenGL] (posix,darwin): call dlopen
INFO         | SharedLibrary::open succeeded for [/System/Library/Frameworks/OpenGL.framework/OpenGL].
INFO         | SharedLibrary::open for [libshadertranslator.dylib]: not found in map, open for the first time
INFO         | SharedLibrary::open for [libshadertranslator.dylib] (posix): begin
INFO         | SharedLibrary::open for [libshadertranslator.dylib] (posix,darwin): call dlopen
INFO         | SharedLibrary::open succeeded for [libshadertranslator.dylib].
INFO         | Initializing VkEmulation features:
INFO         |     glInteropSupported: false
INFO         |     useDeferredCommands: true
INFO         |     createResourceWithRequirements: true
INFO         |     useVulkanComposition: false
INFO         |     useVulkanNativeSwapchain: false
INFO         |     enable guestRenderDoc: false
INFO         |     ASTC LDR emulation mode: Gpu
INFO         |     enable ETC2 emulation: true
INFO         |     enable Ycbcr emulation: false
INFO         |     guestVulkanOnly: false
INFO         |     useDedicatedAllocations: false
INFO         | Graphics Adapter Vendor Google (Apple)
INFO         | Graphics Adapter Android Emulator OpenGL ES Translator (Apple M4 Max)
INFO         | Graphics API Version OpenGL ES 3.0 (4.1 Metal - 90.5)
INFO         | Graphics API Extensions GL_OES_EGL_sync GL_OES_EGL_image GL_OES_EGL_image_external GL_OES_depth24 GL_OES_depth32 GL_OES_element_index_uint GL_OES_texture_float GL_OES_texture_float_linear GL_OES_compressed_paletted_texture GL_OES_compressed_ETC1_RGB8_texture GL_OES_depth_texture GL_OES_texture_npot GL_OES_rgb8_rgba8 GL_EXT_color_buffer_float GL_EXT_color_buffer_half_float GL_EXT_texture_format_BGRA8888 GL_APPLE_texture_format_BGRA8888 
INFO         | Graphics Device Extensions N/A
INFO         | Sending adb public key [QAAAACkspYbnz0CoV9j0PF2SJEVv5ullt0HS3D2e2F/pjs92YO+CBVodrswEJcVStsbUfdT2HC7nYJ5ncbsAcjtACcvJky9paNiZr1AVFjT9W50+bXuuagIQBIH9rums2qnEbxjfHlu3hsDNTXu84ep2c91cwGn2qMNTRQ9NUwHnLVFw35mvvN9dbajuMQrL+s3RcCupXqvnd6Ei1HSdg5H04jIPsc28725UeL9RfxqdWr/sAhwRMfuMPj3eMwU3DwJRb7VB4NlQKrN7kyplV83OzJepy19JgkIbrPm280Q34pFdAiz/cLgrFW89nphvJyYLFTc61JYSMwtf+UuAarj4DE6yrKeT9G2FTLGcr0t6hpo8tTrR5wGQaGnVGGpKXEyYmR4fWo7ZUU2l7W75z21WB4rhN3lerWtUWbJM1gamggq7Q/21Vs1+vqLIRT98YN0O34zgTDr7zR3LjmR9UbWBcnhzBYOqGZSD8Phn4FErOXVkXBt/mFZw72ev069PSb5USP5oJpGsyxVS+Qy0Yikt7EAinrzjARPO+SOkSF4ACuonwRcCIMz+SN1RPy7ljoHKBEWG/LXjdSrxKzygmt5QMhLhzTrpmRCX6GeLxecq0RQEjCJjoOiicz9Nw8YjpyVvWxJJY9lTEFPY4oFzwjXi312/Y/T40YRuzpPorScQyrf6dbEcDAEAAQA= nislam@unknown]
INFO         | Userspace boot properties:
INFO         |   androidboot.boot_devices=a003600.virtio_mmio
INFO         |   androidboot.dalvik.vm.heapsize=512m
INFO         |   androidboot.debug.hwui.renderer=skiagl
INFO         |   androidboot.debug.sf.nobootanimation=1
INFO         |   androidboot.hardware=ranchu
INFO         |   androidboot.hardware.gltransport=pipe
INFO         |   androidboot.hardware.vulkan=ranchu
INFO         |   androidboot.logcat=*:V
INFO         |   androidboot.opengles.version=196608
INFO         |   androidboot.qemu=1
INFO         |   androidboot.qemu.adb.pubkey=QAAAACkspYbnz0CoV9j0PF2SJEVv5ullt0HS3D2e2F/pjs92YO+CBVodrswEJcVStsbUfdT2HC7nYJ5ncbsAcjtACcvJky9paNiZr1AVFjT9W50+bXuuagIQBIH9rums2qnEbxjfHlu3hsDNTXu84ep2c91cwGn2qMNTRQ9NUwHnLVFw35mvvN9dbajuMQrL+s3RcCupXqvnd6Ei1HSdg5H04jIPsc28725UeL9RfxqdWr/sAhwRMfuMPj3eMwU3DwJRb7VB4NlQKrN7kyplV83OzJepy19JgkIbrPm280Q34pFdAiz/cLgrFW89nphvJyYLFTc61JYSMwtf+UuAarj4DE6yrKeT9G2FTLGcr0t6hpo8tTrR5wGQaGnVGGpKXEyYmR4fWo7ZUU2l7W75z21WB4rhN3lerWtUWbJM1gamggq7Q/21Vs1+vqLIRT98YN0O34zgTDr7zR3LjmR9UbWBcnhzBYOqGZSD8Phn4FErOXVkXBt/mFZw72ev069PSb5USP5oJpGsyxVS+Qy0Yikt7EAinrzjARPO+SOkSF4ACuonwRcCIMz+SN1RPy7ljoHKBEWG/LXjdSrxKzygmt5QMhLhzTrpmRCX6GeLxecq0RQEjCJjoOiicz9Nw8YjpyVvWxJJY9lTEFPY4oFzwjXi312/Y/T40YRuzpPorScQyrf6dbEcDAEAAQA= nislam@unknown
INFO         |   androidboot.qemu.avd_name=Medium_Phone_API_36.1
INFO         |   androidboot.qemu.camera_hq_edge_processing=0
INFO         |   androidboot.qemu.camera_protocol_ver=1
INFO         |   androidboot.qemu.cpuvulkan.version=4202496
INFO         |   androidboot.qemu.gltransport.drawFlushInterval=800
INFO         |   androidboot.qemu.gltransport.name=pipe
INFO         |   androidboot.qemu.hwcodec.avcdec=2
INFO         |   androidboot.qemu.hwcodec.hevcdec=2
INFO         |   androidboot.qemu.hwcodec.vpxdec=2
INFO         |   androidboot.qemu.settings.system.screen_off_timeout=2147483647
INFO         |   androidboot.qemu.virtiowifi=1
INFO         |   androidboot.qemu.vsync=60
INFO         |   androidboot.serialno=EMULATOR36X3X10X0
INFO         |   androidboot.vbmeta.digest=ad488d287a40d2a1b51348f0b86e7545b016163b9793e4ba3491d16b4c8a5e18
INFO         |   androidboot.vbmeta.hash_alg=sha256
INFO         |   androidboot.vbmeta.size=6720
INFO         |   androidboot.veritymode=enforcing
coreaudio_check_and_fixup_streamformat: core 0x91b37be88 input? 0 warning, unexpected format for stream. format id 0x6c70636d name kAudioFormatLinearPCM flags 0x9 (kAudioFormatFlagIsFloat | kAudioFormatFlagIsPacked | kLinearPCMFormatFlagsSampleFractionShift | kLinearPCMFormatFlagIsFloat | kLinearPCMFormatFlagIsPacked | kAppleLosslessFormatFlag_16BitSourceData | kAppleLosslessFormatFlag_24BitSourceData | ) channels per frame 8
coreaudio_check_and_fixup_streamformat: core 0x91b37be88 input? 0 trying to fix up number of channels to 2
coreaudio: Could not initialize playback
coreaudio: Could not create suitable audio conversion object for converting between 48000.000000 Hz (hw) and 44100.000000 Hz (sw)
coreaudio: Reason: status code 1718449215
coreaudio: Could not initialize playback
coreaudio: Could not create suitable audio conversion object for converting between 48000.000000 Hz (hw) and 44100.000000 Hz (sw)
coreaudio: Reason: status code -1
coreaudio_check_and_fixup_streamformat: core 0x91b5dc688 input? 0 warning, unexpected format for stream. format id 0x6c70636d name kAudioFormatLinearPCM flags 0x9 (kAudioFormatFlagIsFloat | kAudioFormatFlagIsPacked | kLinearPCMFormatFlagsSampleFractionShift | kLinearPCMFormatFlagIsFloat | kLinearPCMFormatFlagIsPacked | kAppleLosslessFormatFlag_16BitSourceData | kAppleLosslessFormatFlag_24BitSourceData | ) channels per frame 8
coreaudio_check_and_fixup_streamformat: core 0x91b5dc688 input? 0 trying to fix up number of channels to 2
coreaudio: Could not initialize playback
coreaudio: Could not create suitable audio conversion object for converting between 48000.000000 Hz (hw) and 44100.000000 Hz (sw)
coreaudio: Reason: status code 1718449215
coreaudio: Could not initialize playback
coreaudio: Could not create suitable audio conversion object for converting between 48000.000000 Hz (hw) and 44100.000000 Hz (sw)
coreaudio: Reason: status code -1
Failed to create voice `goldfish_audio'
qemu-system-aarch64: warning: opening audio output failed
INFO         | Monitoring duration of emulator setup.
WARNING      | The emulator now requires a signed jwt token for gRPC access! Use the -grpc flag if you really want an open unprotected grpc port
INFO         | Using security allow list from: /Users/nislam/Library/Android/sdk/emulator/lib/emulator_access.json
WARNING      | *** Basic token auth should only be used by android-studio ***
INFO         | The active JSON Web Key Sets can be found here: /Users/nislam/Library/Caches/TemporaryItems/avd/running/58405/jwks/47392567-1602-4e8e-90a3-7dd6cec79e82/active.jwk
INFO         | Scanning /Users/nislam/Library/Caches/TemporaryItems/avd/running/58405/jwks/47392567-1602-4e8e-90a3-7dd6cec79e82 for jwk keys.
INFO         | Started GRPC server at 127.0.0.1:8554, security: Local, auth: +token
INFO         | Advertising in: /Users/nislam/Library/Caches/TemporaryItems/avd/running/pid_58405.ini
INFO         | Setting display: 0 configuration to: 1080x2400, dpi: 420x420 
INFO         | setDisplayActiveConfig 0
INFO         | Checking system compatibility:
INFO         |   Checking: hasSufficientDiskSpace
INFO         |      Ok: Disk space requirements to run avd: `Medium_Phone_API_36.1` are met
INFO         |   Checking: hasSufficientHwGpu
INFO         |      Ok: Hardware GPU requirements to run avd: `Medium_Phone_API_36.1` are passed
INFO         |   Checking: hasSufficientSystem
INFO         |      Ok: System requirements to run avd: `Medium_Phone_API_36.1` are met
INFO         | Warning: QMetaObject::connectSlotsByName: No matching signal for on_rgbcSensorValueWidget_valueChanged() (:0, )
INFO         | Warning: QMetaObject::connectSlotsByName: No matching signal for on_posture_valueChanged(int) (:0, )
USER_INFO    | Emulator is performing a full startup. This may take upto two minutes, or more.
INFO         | AVD supportsNativeGLES=1, supportsGuestAngle=1
INFO         | Guest Angle is still unstable for API > 35.
INFO         | Created extended window in 215.196ms
INFO         | Activated packet streamer for uwb emulation
INFO         | Activated packet streamer for bluetooth emulation
WARNING      | adb command '/Users/nislam/Library/Android/sdk/platform-tools/adb -s emulator-5554 shell getprop sys.boot_completed ' failed: 'adb: device offline'
INFO         | Boot completed in 12103 ms
INFO         | Increasing screen off timeout, logcat buffer size to 2M.
ERROR        | adb protocol fault (couldn't read status length)
ERROR        | adb protocol fault (couldn't read status length)
ERROR        | adb protocol fault (couldn't read status length)
INFO         | Warning: skipping QEventPoint(id=1 ts=0 pos=0,0 scn=167.507,400.916 gbl=167.507,400.916 Released ellipse=(1x1 ∡ 0) vel=0,0 press=-167.507,-400.916 last=-167.507,-400.916 Δ 167.507,400.916) : no target window (:0, )
INFO         | Wait for emulator (pid 58405) 20 seconds to shutdown gracefully before kill;you can set environment variable ANDROID_EMULATOR_WAIT_TIME_BEFORE_KILL(in seconds) to change the default value (20 seconds)

INFO         | Saving with gfxstream=1
INFO         | Saving snapshot 'default_boot' using 950 ms
