[debug] [2026-01-22T14:42:07.301Z] ----------------------------------------------------------------------
[debug] [2026-01-22T14:42:07.302Z] Command:       /usr/local/bin/firebase /Users/nislam/.cache/firebase/tools/lib/node_modules/firebase-tools/lib/bin/firebase appdistribution:distribute app/build/outputs/apk/debug/app-debug.apk --app 1:817989698814:android:a2791ecc836c07070851af --testers naveedulislam@gmail.com --release-notes Release 2.14 (Better Fading): Configurable Audio Fading per Prayer! Select a target prayer in settings and adjust fade duration/volume independently. Default: Fajr fades over 5s, others instant.
[debug] [2026-01-22T14:42:07.302Z] CLI Version:   15.3.0
[debug] [2026-01-22T14:42:07.302Z] Platform:      darwin
[debug] [2026-01-22T14:42:07.302Z] Node Version:  v20.18.2
[debug] [2026-01-22T14:42:07.302Z] Time:          Thu Jan 22 2026 07:42:07 GMT-0700 (Mountain Standard Time)
[debug] [2026-01-22T14:42:07.302Z] ----------------------------------------------------------------------
[debug] 
[debug] [2026-01-22T14:42:07.306Z] > command requires scopes: ["email","openid","https://www.googleapis.com/auth/cloudplatformprojects.readonly","https://www.googleapis.com/auth/firebase","https://www.googleapis.com/auth/cloud-platform"]
[debug] [2026-01-22T14:42:07.306Z] > authorizing via signed-in user (naveedulislam@gmail.com)
[info] i  uploading binary... 
[debug] [2026-01-22T14:42:07.307Z] Checked if tokens are valid: true, expires at: 1769095884482
[debug] [2026-01-22T14:42:07.307Z] Checked if tokens are valid: true, expires at: 1769095884482
[debug] [2026-01-22T14:42:07.308Z] >>> [apiv2][query] POST https://firebaseappdistribution.googleapis.com/upload/v1/projects/817989698814/apps/1:817989698814:android:a2791ecc836c07070851af/releases:upload [none]
[debug] [2026-01-22T14:42:07.308Z] >>> [apiv2][body] POST https://firebaseappdistribution.googleapis.com/upload/v1/projects/817989698814/apps/1:817989698814:android:a2791ecc836c07070851af/releases:upload [stream]
[debug] [2026-01-22T14:42:08.683Z] <<< [apiv2][status] POST https://firebaseappdistribution.googleapis.com/upload/v1/projects/817989698814/apps/1:817989698814:android:a2791ecc836c07070851af/releases:upload 200
[debug] [2026-01-22T14:42:08.683Z] <<< [apiv2][body] POST https://firebaseappdistribution.googleapis.com/upload/v1/projects/817989698814/apps/1:817989698814:android:a2791ecc836c07070851af/releases:upload {"name":"projects/817989698814/apps/1:817989698814:android:a2791ecc836c07070851af/releases/-/operations/35a59983a7604b800d585423802e690f039dd773fdf7b226cfaf8ccb28797b05"}
[debug] [2026-01-22T14:42:08.684Z] Checked if tokens are valid: true, expires at: 1769095884482
[debug] [2026-01-22T14:42:08.684Z] Checked if tokens are valid: true, expires at: 1769095884482
[debug] [2026-01-22T14:42:08.684Z] >>> [apiv2][query] GET https://firebaseappdistribution.googleapis.com/v1/projects/817989698814/apps/1:817989698814:android:a2791ecc836c07070851af/releases/-/operations/35a59983a7604b800d585423802e690f039dd773fdf7b226cfaf8ccb28797b05 [none]
[debug] [2026-01-22T14:42:08.947Z] <<< [apiv2][status] GET https://firebaseappdistribution.googleapis.com/v1/projects/817989698814/apps/1:817989698814:android:a2791ecc836c07070851af/releases/-/operations/35a59983a7604b800d585423802e690f039dd773fdf7b226cfaf8ccb28797b05 200
[debug] [2026-01-22T14:42:08.947Z] <<< [apiv2][body] GET https://firebaseappdistribution.googleapis.com/v1/projects/817989698814/apps/1:817989698814:android:a2791ecc836c07070851af/releases/-/operations/35a59983a7604b800d585423802e690f039dd773fdf7b226cfaf8ccb28797b05 {"name":"projects/817989698814/apps/1:817989698814:android:a2791ecc836c07070851af/releases/-/operations/35a59983a7604b800d585423802e690f039dd773fdf7b226cfaf8ccb28797b05"}
[debug] [2026-01-22T14:42:10.949Z] [App Distribution Upload Poller] Retrying task index 0
[debug] [2026-01-22T14:42:10.949Z] Checked if tokens are valid: true, expires at: 1769095884482
[debug] [2026-01-22T14:42:10.949Z] Checked if tokens are valid: true, expires at: 1769095884482
[debug] [2026-01-22T14:42:10.949Z] >>> [apiv2][query] GET https://firebaseappdistribution.googleapis.com/v1/projects/817989698814/apps/1:817989698814:android:a2791ecc836c07070851af/releases/-/operations/35a59983a7604b800d585423802e690f039dd773fdf7b226cfaf8ccb28797b05 [none]
[debug] [2026-01-22T14:42:11.211Z] <<< [apiv2][status] GET https://firebaseappdistribution.googleapis.com/v1/projects/817989698814/apps/1:817989698814:android:a2791ecc836c07070851af/releases/-/operations/35a59983a7604b800d585423802e690f039dd773fdf7b226cfaf8ccb28797b05 200
[debug] [2026-01-22T14:42:11.211Z] <<< [apiv2][body] GET https://firebaseappdistribution.googleapis.com/v1/projects/817989698814/apps/1:817989698814:android:a2791ecc836c07070851af/releases/-/operations/35a59983a7604b800d585423802e690f039dd773fdf7b226cfaf8ccb28797b05 {"name":"projects/817989698814/apps/1:817989698814:android:a2791ecc836c07070851af/releases/-/operations/35a59983a7604b800d585423802e690f039dd773fdf7b226cfaf8ccb28797b05"}
